============================= test session starts =============================
platform win32 -- Python 3.12.6, pytest-9.0.1, pluggy-1.6.0 -- C:\Python312\python.exe
cachedir: .pytest_cache
hypothesis profile 'default' -> database=DirectoryBasedExampleDatabase(WindowsPath('C:/Users/hobo/Desktop/Proxion/proxion-keyring/.hypothesis/examples'))
rootdir: C:\Users\hobo\Desktop\Proxion\proxion-keyring
plugins: anyio-4.12.0, hypothesis-6.98.11
collecting ... collected 0 items / 1 error

=================================== ERRORS ====================================
________________ ERROR collecting tests/test_pod_encryption.py ________________
ImportError while importing test module 'C:\Users\hobo\Desktop\Proxion\proxion-keyring\tests\test_pod_encryption.py'.
Hint: make sure your test modules/packages have valid Python names.
Traceback:
..\..\..\AppData\Roaming\Python\Python312\site-packages\_pytest\python.py:507: in importtestmodule
    mod = import_path(
..\..\..\AppData\Roaming\Python\Python312\site-packages\_pytest\pathlib.py:587: in import_path
    importlib.import_module(module_name)
C:\Python312\Lib\importlib\__init__.py:90: in import_module
    return _bootstrap._gcd_import(name[level:], package, level)
           ^^^^^^^^^^^^^^^^^^^^^^^^^^^^^^^^^^^^^^^^^^^^^^^^^^^^
<frozen importlib._bootstrap>:1387: in _gcd_import
    ???
<frozen importlib._bootstrap>:1360: in _find_and_load
    ???
<frozen importlib._bootstrap>:1331: in _find_and_load_unlocked
    ???
<frozen importlib._bootstrap>:935: in _load_unlocked
    ???
..\..\..\AppData\Roaming\Python\Python312\site-packages\_pytest\assertion\rewrite.py:197: in exec_module
    exec(co, module.__dict__)
tests\test_pod_encryption.py:4: in <module>
    from cp.pod import PodClient
cp\__init__.py:3: in <module>
    from .control_plane import ControlPlane, ReceiptPayload
cp\control_plane.py:15: in <module>
    from proxion_core import (
E   ImportError: cannot import name 'Caveat' from 'proxion_core' (C:\Users\hobo\Desktop\Proxion\proxion-keyring\proxion_core\__init__.py)
=========================== short test summary info ===========================
ERROR tests/test_pod_encryption.py
!!!!!!!!!!!!!!!!!!! Interrupted: 1 error during collection !!!!!!!!!!!!!!!!!!!!
============================== 1 error in 0.96s ===============================
